[run_smart] linux-pixel pilot/flaky-fixes -> שרת הריצה (אובונטו) (workers=2): בדיקות פיקסל של לינוקס רצות רק בשרת הריצה (עומס 2.8, זיכרון פנוי 13.7GB)
== spec pilot/flaky-fixes @ 25ce3e07 in /home/sw/work/pilot-flaky-fixes

Running 5 tests using 2 workers

  ✘  2 [mobile] › tests/evidence-design-foundation.spec.ts:73:5 › design foundation › classic is pixel-stable: map (2.5s)
  ✘  1 [mobile] › tests/evidence-design-foundation.spec.ts:73:5 › design foundation › classic is pixel-stable: map (2.5s)
  ✘  4 [mobile] › tests/evidence-design-foundation.spec.ts:73:5 › design foundation › classic is pixel-stable: map (2.4s)
  ✘  3 [mobile] › tests/evidence-design-foundation.spec.ts:73:5 › design foundation › classic is pixel-stable: map (2.4s)
  ✘  5 [mobile] › tests/evidence-design-foundation.spec.ts:73:5 › design foundation › classic is pixel-stable: map (2.1s)


  1) [mobile] › tests/evidence-design-foundation.spec.ts:73:5 › design foundation › classic is pixel-stable: map 

    Error: expect(page).toHaveScreenshot(expected) failed

      388 pixels (ratio 0.01 of all image pixels) are different.

      Snapshot: classic-map-390.png

    Call log:
      - Expect "toHaveScreenshot(classic-map-390.png)" with timeout 5000ms
        - verifying given screenshot expectation
      - taking page screenshot
        - disabled all CSS animations
      - waiting for fonts to load...
      - fonts loaded
      - 388 pixels (ratio 0.01 of all image pixels) are different.
      - waiting 100ms before taking screenshot
      - taking page screenshot
        - disabled all CSS animations
      - waiting for fonts to load...
      - fonts loaded
      - captured a stable screenshot
      - 388 pixels (ratio 0.01 of all image pixels) are different.


      75 |       test.skip(noBaseline(info, `classic-${s.id}-${view(info)}.png`), `no ${process.platform} baseline yet (run with --update-snapshots on this platform)`);
      76 |       await open(page, s.hash);
    > 77 |       await expect(page).toHaveScreenshot(`classic-${s.id}-${view(info)}.png`, { maxDiffPixels: 0, animations: 'disabled', fullPage: false });
         |                          ^
      78 |     });
      79 |   }
      80 |
        at /home/sw/work/pilot-flaky-fixes/frontend/tests/evidence-design-foundation.spec.ts:77:26

    attachment #1: classic-map-390 (image/png) ─────────────────────────────────────────────────────
    Expected: tests/evidence-design-foundation.spec.ts-snapshots/classic-map-390-mobile-linux.png
    Received: test-results/evidence-design-foundation-824e3-classic-is-pixel-stable-map-mobile/classic-map-390-actual.png
    Diff:     test-results/evidence-design-foundation-824e3-classic-is-pixel-stable-map-mobile/classic-map-390-diff.png
    ────────────────────────────────────────────────────────────────────────────────────────────────

    Error Context: test-results/evidence-design-foundation-824e3-classic-is-pixel-stable-map-mobile/error-context.md

  2) [mobile] › tests/evidence-design-foundation.spec.ts:73:5 › design foundation › classic is pixel-stable: map 

    Error: expect(page).toHaveScreenshot(expected) failed

      388 pixels (ratio 0.01 of all image pixels) are different.

      Snapshot: classic-map-390.png

    Call log:
      - Expect "toHaveScreenshot(classic-map-390.png)" with timeout 5000ms
        - verifying given screenshot expectation
      - taking page screenshot
        - disabled all CSS animations
      - waiting for fonts to load...
      - fonts loaded
      - 388 pixels (ratio 0.01 of all image pixels) are different.
      - waiting 100ms before taking screenshot
      - taking page screenshot
        - disabled all CSS animations
      - waiting for fonts to load...
      - fonts loaded
      - captured a stable screenshot
      - 388 pixels (ratio 0.01 of all image pixels) are different.


      75 |       test.skip(noBaseline(info, `classic-${s.id}-${view(info)}.png`), `no ${process.platform} baseline yet (run with --update-snapshots on this platform)`);
      76 |       await open(page, s.hash);
    > 77 |       await expect(page).toHaveScreenshot(`classic-${s.id}-${view(info)}.png`, { maxDiffPixels: 0, animations: 'disabled', fullPage: false });
         |                          ^
      78 |     });
      79 |   }
      80 |
        at /home/sw/work/pilot-flaky-fixes/frontend/tests/evidence-design-foundation.spec.ts:77:26

    attachment #1: classic-map-390 (image/png) ─────────────────────────────────────────────────────
    Expected: tests/evidence-design-foundation.spec.ts-snapshots/classic-map-390-mobile-linux.png
    Received: test-results/evidence-design-foundation-824e3-classic-is-pixel-stable-map-mobile-repeat1/classic-map-390-actual.png
    Diff:     test-results/evidence-design-foundation-824e3-classic-is-pixel-stable-map-mobile-repeat1/classic-map-390-diff.png
    ────────────────────────────────────────────────────────────────────────────────────────────────

    Error Context: test-results/evidence-design-foundation-824e3-classic-is-pixel-stable-map-mobile-repeat1/error-context.md

  3) [mobile] › tests/evidence-design-foundation.spec.ts:73:5 › design foundation › classic is pixel-stable: map 

    Error: expect(page).toHaveScreenshot(expected) failed

      388 pixels (ratio 0.01 of all image pixels) are different.

      Snapshot: classic-map-390.png

    Call log:
      - Expect "toHaveScreenshot(classic-map-390.png)" with timeout 5000ms
        - verifying given screenshot expectation
      - taking page screenshot
        - disabled all CSS animations
      - waiting for fonts to load...
      - fonts loaded
      - 388 pixels (ratio 0.01 of all image pixels) are different.
      - waiting 100ms before taking screenshot
      - taking page screenshot
        - disabled all CSS animations
      - waiting for fonts to load...
      - fonts loaded
      - captured a stable screenshot
      - 388 pixels (ratio 0.01 of all image pixels) are different.


      75 |       test.skip(noBaseline(info, `classic-${s.id}-${view(info)}.png`), `no ${process.platform} baseline yet (run with --update-snapshots on this platform)`);
      76 |       await open(page, s.hash);
    > 77 |       await expect(page).toHaveScreenshot(`classic-${s.id}-${view(info)}.png`, { maxDiffPixels: 0, animations: 'disabled', fullPage: false });
         |                          ^
      78 |     });
      79 |   }
      80 |
        at /home/sw/work/pilot-flaky-fixes/frontend/tests/evidence-design-foundation.spec.ts:77:26

    attachment #1: classic-map-390 (image/png) ─────────────────────────────────────────────────────
    Expected: tests/evidence-design-foundation.spec.ts-snapshots/classic-map-390-mobile-linux.png
    Received: test-results/evidence-design-foundation-824e3-classic-is-pixel-stable-map-mobile-repeat2/classic-map-390-actual.png
    Diff:     test-results/evidence-design-foundation-824e3-classic-is-pixel-stable-map-mobile-repeat2/classic-map-390-diff.png
    ────────────────────────────────────────────────────────────────────────────────────────────────

    Error Context: test-results/evidence-design-foundation-824e3-classic-is-pixel-stable-map-mobile-repeat2/error-context.md

  4) [mobile] › tests/evidence-design-foundation.spec.ts:73:5 › design foundation › classic is pixel-stable: map 

    Error: expect(page).toHaveScreenshot(expected) failed

      388 pixels (ratio 0.01 of all image pixels) are different.

      Snapshot: classic-map-390.png

    Call log:
      - Expect "toHaveScreenshot(classic-map-390.png)" with timeout 5000ms
        - verifying given screenshot expectation
      - taking page screenshot
        - disabled all CSS animations
      - waiting for fonts to load...
      - fonts loaded
      - 388 pixels (ratio 0.01 of all image pixels) are different.
      - waiting 100ms before taking screenshot
      - taking page screenshot
        - disabled all CSS animations
      - waiting for fonts to load...
      - fonts loaded
      - captured a stable screenshot
      - 388 pixels (ratio 0.01 of all image pixels) are different.


      75 |       test.skip(noBaseline(info, `classic-${s.id}-${view(info)}.png`), `no ${process.platform} baseline yet (run with --update-snapshots on this platform)`);
      76 |       await open(page, s.hash);
    > 77 |       await expect(page).toHaveScreenshot(`classic-${s.id}-${view(info)}.png`, { maxDiffPixels: 0, animations: 'disabled', fullPage: false });
         |                          ^
      78 |     });
      79 |   }
      80 |
        at /home/sw/work/pilot-flaky-fixes/frontend/tests/evidence-design-foundation.spec.ts:77:26

    attachment #1: classic-map-390 (image/png) ─────────────────────────────────────────────────────
    Expected: tests/evidence-design-foundation.spec.ts-snapshots/classic-map-390-mobile-linux.png
    Received: test-results/evidence-design-foundation-824e3-classic-is-pixel-stable-map-mobile-repeat3/classic-map-390-actual.png
    Diff:     test-results/evidence-design-foundation-824e3-classic-is-pixel-stable-map-mobile-repeat3/classic-map-390-diff.png
    ────────────────────────────────────────────────────────────────────────────────────────────────

    Error Context: test-results/evidence-design-foundation-824e3-classic-is-pixel-stable-map-mobile-repeat3/error-context.md

  5) [mobile] › tests/evidence-design-foundation.spec.ts:73:5 › design foundation › classic is pixel-stable: map 

    Error: expect(page).toHaveScreenshot(expected) failed

      388 pixels (ratio 0.01 of all image pixels) are different.

      Snapshot: classic-map-390.png

    Call log:
      - Expect "toHaveScreenshot(classic-map-390.png)" with timeout 5000ms
        - verifying given screenshot expectation
      - taking page screenshot
        - disabled all CSS animations
      - waiting for fonts to load...
      - fonts loaded
      - 388 pixels (ratio 0.01 of all image pixels) are different.
      - waiting 100ms before taking screenshot
      - taking page screenshot
        - disabled all CSS animations
      - waiting for fonts to load...
      - fonts loaded
      - captured a stable screenshot
      - 388 pixels (ratio 0.01 of all image pixels) are different.


      75 |       test.skip(noBaseline(info, `classic-${s.id}-${view(info)}.png`), `no ${process.platform} baseline yet (run with --update-snapshots on this platform)`);
      76 |       await open(page, s.hash);
    > 77 |       await expect(page).toHaveScreenshot(`classic-${s.id}-${view(info)}.png`, { maxDiffPixels: 0, animations: 'disabled', fullPage: false });
         |                          ^
      78 |     });
      79 |   }
      80 |
        at /home/sw/work/pilot-flaky-fixes/frontend/tests/evidence-design-foundation.spec.ts:77:26

    attachment #1: classic-map-390 (image/png) ─────────────────────────────────────────────────────
    Expected: tests/evidence-design-foundation.spec.ts-snapshots/classic-map-390-mobile-linux.png
    Received: test-results/evidence-design-foundation-824e3-classic-is-pixel-stable-map-mobile-repeat4/classic-map-390-actual.png
    Diff:     test-results/evidence-design-foundation-824e3-classic-is-pixel-stable-map-mobile-repeat4/classic-map-390-diff.png
    ────────────────────────────────────────────────────────────────────────────────────────────────

    Error Context: test-results/evidence-design-foundation-824e3-classic-is-pixel-stable-map-mobile-repeat4/error-context.md

  5 failed
    [mobile] › tests/evidence-design-foundation.spec.ts:73:5 › design foundation › classic is pixel-stable: map 
    [mobile] › tests/evidence-design-foundation.spec.ts:73:5 › design foundation › classic is pixel-stable: map 
    [mobile] › tests/evidence-design-foundation.spec.ts:73:5 › design foundation › classic is pixel-stable: map 
    [mobile] › tests/evidence-design-foundation.spec.ts:73:5 › design foundation › classic is pixel-stable: map 
    [mobile] › tests/evidence-design-foundation.spec.ts:73:5 › design foundation › classic is pixel-stable: map 
רץ על שרת הריצה (אובונטו) כי בדיקות פיקסל של לינוקס רצות רק בשרת הריצה (עומס 2.8, זיכרון פנוי 13.7GB)
