[run_smart] spec pilot/gaps-220 -> שרת הריצה (אובונטו) (workers=2): בררת מחדל, שרת הריצה (אובונטו) פנוי (עומס 0.6, זיכרון פנוי 14.4GB)
== spec pilot/gaps-220 @ d1bdd7ee in /home/sw/work/pilot-gaps-220

Running 111 tests using 2 workers

  ✓    2 [desktop] › tests/evidence-frigate-control.spec.ts:32:3 › operator: the camera drawer › a camera of the Frigate recorder shows its switches; an analytics switch is one tap and nothing else (1.2s)
  ✓    1 [desktop] › tests/evidence-announcements.spec.ts:59:3 › settings: voice announcements › off by default; setup is saved at once; only ticked speakers can be tested (1.3s)
  ✓    3 [desktop] › tests/evidence-frigate-control.spec.ts:54:3 › operator: the camera drawer › turning recording off asks first: cancelling sends nothing and puts the switch back; confirming sends confirm: true (1.2s)
  ✓    4 [desktop] › tests/evidence-announcements.spec.ts:80:3 › settings: voice announcements › announce now: a room and a text, sent once; the button needs a text (1.2s)
  ✓    5 [desktop] › tests/evidence-frigate-control.spec.ts:75:3 › operator: the camera drawer › a refused change shows the server's own sentence and the switch goes back (1.2s)
  ✓    6 [desktop] › tests/evidence-announcements.spec.ts:95:3 › settings: voice announcements › English strings when the document language is English; without system.configure there is no screen (2.0s)
  ✓    7 [desktop] › tests/evidence-frigate-control.spec.ts:86:3 › operator: the camera drawer › the profile is a select; a change asks for a confirmation and sends confirm: true (1.1s)
  ✓    8 [desktop] › tests/evidence-frigate-review.spec.ts:35:1 › cards: one per review item with layer, camera, time, objects, zones and the reviewed state; the layer counts and the new dots; partial coverage is said (1.2s)
  ✓   10 [desktop] › tests/evidence-frigate-review.spec.ts:62:1 › filters become the query; layers switch; the status filter shows the reviewed ones; the object filter narrows the page (1.7s)
  ✓    9 [desktop] › tests/evidence-frigate-control.spec.ts:98:3 › operator: the camera drawer › without the permission, with the class off, or on a camera of another recorder, nothing is drawn (2.7s)
  ✓   12 [desktop] › tests/evidence-frigate-control.spec.ts:112:3 › operator: the camera drawer › only the analytics permission: the recording group and the profile are not drawn (1.1s)
  ✓   11 [desktop] › tests/evidence-frigate-review.spec.ts:94:1 › paging: the server returns a page, "טען עוד" continues from where it stopped and adds only new cards (1.2s)
  ✓   13 [desktop] › tests/evidence-frigate-control.spec.ts:131:3 › settings: management of the writes › every class is listed, off until switched on; switching one on sends exactly that class; PTZ is not offered (1.2s)
  ✓   14 [desktop] › tests/evidence-frigate-review.spec.ts:103:1 › reviewed: one card, the bulk bar, "mark all shown" and un-marking - at once, saved per user and recorder (1.4s)
  ✓   15 [desktop] › tests/evidence-frigate-control.spec.ts:149:3 › settings: management of the writes › a refused class change is reported and the switch goes back (1.2s)
  ✓   16 [desktop] › tests/evidence-frigate-review.spec.ts:131:1 › a mark the server refuses is put back and says so (1.0s)
  ✓   18 [desktop] › tests/evidence-frigate-review.spec.ts:138:1 › keys: J/K and arrows move, space selects, R reviews, Ctrl+A selects all, Enter opens, Esc closes and clears; a dropdown's typeahead is never a shortcut (1.1s)
  ✓   17 [desktop] › tests/evidence-frigate-control.spec.ts:158:3 › settings: management of the writes › the alarm mapping stores a profile per state (a mapping only) and the log undoes a change, asking first for recording and profile (1.3s)
  ✓   19 [desktop] › tests/evidence-frigate-review.spec.ts:168:1 › drawer: the facts the server has (span, detections), the recording action unavailable until the anchors are proven, the drawer can mark reviewed (1.2s)
  ✓   20 [desktop] › tests/evidence-frigate-control.spec.ts:198:3 › operator: the review detail (retain and sub-label) › a person who may change events sees one row per tracked object: retain is one tap, the sub-label saves on its button (1.2s)
  ✓   21 [desktop] › tests/evidence-frigate-review.spec.ts:189:1 › motion layer: spans from the activity, not items - no reviewed state, no marking, counted when shown, capped at 24 h (1.2s)
  ✓   22 [desktop] › tests/evidence-frigate-control.spec.ts:232:3 › operator: the review detail (retain and sub-label) › a refused change shows the server sentence, puts the switch back and keeps the controls (1.2s)
  ✓   24 [desktop] › tests/evidence-frigate-control.spec.ts:242:3 › operator: the review detail (retain and sub-label) › nothing is drawn without the permission or while the events class is off (and no event is read without the permission) (1.1s)
  ✓   25 [desktop] › tests/evidence-frigate-control.spec.ts:251:3 › operator: the review detail (retain and sub-label) › without analytics.events the review detail never asks about events (803ms)
  ✓   26 [desktop] › tests/evidence-plan-package.spec.ts:78:3 › fixture: the import dialog › dry run shown, mode switch, import with the previewed revision and hash (998ms)
  ✓   27 [desktop] › tests/evidence-plan-package.spec.ts:107:3 › fixture: the import dialog › another system: import waits for the trust box; a refusal is shown (1.3s)
  ✓   28 [desktop] › tests/evidence-plan-package.spec.ts:136:3 › fixture: the import dialog › English strings follow the document language (1.1s)
  -   29 [desktop] › tests/evidence-plan-package.spec.ts:198:3 › live: export and re-import from the editor › DXF and package from the export row; the package brings the draft back
  ✓   30 [desktop] › tests/evidence-second-factor.spec.ts:76:1 › own factor: off by default, enrol with a QR code and a first code, then disable with a current code (1.8s)
  ✓   23 [desktop] › tests/evidence-frigate-review.spec.ts:216:1 › states: loading, empty, offline with the last data, error with retry, no permission, and no Frigate recorder (the event windows) (7.8s)
  ✓   31 [desktop] › tests/evidence-second-factor.spec.ts:127:1 › the QR code is a real symbol: square, a valid QR version, many modules (1.2s)
  ✓   32 [desktop] › tests/evidence-frigate-review.spec.ts:258:1 › demo mode (no backend): fixture cards labelled as demo, the timeline of a tracked object, the recording opens through the existing screen where the item allows (911ms)
  ✓   34 [desktop] › tests/evidence-frigate-review.spec.ts:280:1 › the screen is RTL, the still is never mirrored, and the page does not scroll sideways (1.1s)
  ✓   33 [desktop] › tests/unit-second-factor-admin-ui.spec.ts:77:1 › user drawer: the reset button asks first, cancel keeps the factor, confirm resets it for that user only (1.5s)
  ✓   36 [desktop] › tests/unit-second-factor-admin-ui.spec.ts:113:1 › user drawer: a failed reset shows the error and keeps the factor on screen (1.2s)
  ✓   37 [desktop] › tests/unit-second-factor-admin-ui.spec.ts:125:1 › remote-access settings: the policy select offers optional and admins, shows the stored value and saves it (2.0s)
  ✓   38 [tablet] › tests/evidence-announcements.spec.ts:59:3 › settings: voice announcements › off by default; setup is saved at once; only ticked speakers can be tested (1.3s)
  ✓   39 [tablet] › tests/evidence-announcements.spec.ts:80:3 › settings: voice announcements › announce now: a room and a text, sent once; the button needs a text (1.1s)
  ✓   40 [tablet] › tests/evidence-announcements.spec.ts:95:3 › settings: voice announcements › English strings when the document language is English; without system.configure there is no screen (2.0s)
  ✓   41 [tablet] › tests/evidence-frigate-control.spec.ts:32:3 › operator: the camera drawer › a camera of the Frigate recorder shows its switches; an analytics switch is one tap and nothing else (1.2s)
  ✓   35 [desktop] › tests/evidence-frigate-review.spec.ts:288:1 › layout guard: the review screen in four skins, light and dark (9.6s)
  ✓   42 [tablet] › tests/evidence-frigate-control.spec.ts:54:3 › operator: the camera drawer › turning recording off asks first: cancelling sends nothing and puts the switch back; confirming sends confirm: true (1.1s)
  ✓   43 [tablet] › tests/evidence-frigate-review.spec.ts:35:1 › cards: one per review item with layer, camera, time, objects, zones and the reviewed state; the layer counts and the new dots; partial coverage is said (1.2s)
  ✓   44 [tablet] › tests/evidence-frigate-control.spec.ts:75:3 › operator: the camera drawer › a refused change shows the server's own sentence and the switch goes back (1.1s)
  ✓   46 [tablet] › tests/evidence-frigate-control.spec.ts:86:3 › operator: the camera drawer › the profile is a select; a change asks for a confirmation and sends confirm: true (1.1s)
  ✓   45 [tablet] › tests/evidence-frigate-review.spec.ts:62:1 › filters become the query; layers switch; the status filter shows the reviewed ones; the object filter narrows the page (1.6s)
  ✓   48 [tablet] › tests/evidence-frigate-review.spec.ts:94:1 › paging: the server returns a page, "טען עוד" continues from where it stopped and adds only new cards (1.1s)
  ✓   49 [tablet] › tests/evidence-frigate-review.spec.ts:103:1 › reviewed: one card, the bulk bar, "mark all shown" and un-marking - at once, saved per user and recorder (1.3s)
  ✓   47 [tablet] › tests/evidence-frigate-control.spec.ts:98:3 › operator: the camera drawer › without the permission, with the class off, or on a camera of another recorder, nothing is drawn (2.7s)
  ✓   51 [tablet] › tests/evidence-frigate-control.spec.ts:112:3 › operator: the camera drawer › only the analytics permission: the recording group and the profile are not drawn (1.2s)
  ✓   50 [tablet] › tests/evidence-frigate-review.spec.ts:131:1 › a mark the server refuses is put back and says so (1.2s)
  ✓   52 [tablet] › tests/evidence-frigate-control.spec.ts:131:3 › settings: management of the writes › every class is listed, off until switched on; switching one on sends exactly that class; PTZ is not offered (1.3s)
  ✓   53 [tablet] › tests/evidence-frigate-review.spec.ts:138:1 › keys: J/K and arrows move, space selects, R reviews, Ctrl+A selects all, Enter opens, Esc closes and clears; a dropdown's typeahead is never a shortcut (1.3s)
  ✓   54 [tablet] › tests/evidence-frigate-control.spec.ts:149:3 › settings: management of the writes › a refused class change is reported and the switch goes back (1.3s)
  ✓   55 [tablet] › tests/evidence-frigate-review.spec.ts:168:1 › drawer: the facts the server has (span, detections), the recording action unavailable until the anchors are proven, the drawer can mark reviewed (1.4s)
  ✓   56 [tablet] › tests/evidence-frigate-control.spec.ts:158:3 › settings: management of the writes › the alarm mapping stores a profile per state (a mapping only) and the log undoes a change, asking first for recording and profile (1.4s)
  ✓   57 [tablet] › tests/evidence-frigate-review.spec.ts:189:1 › motion layer: spans from the activity, not items - no reviewed state, no marking, counted when shown, capped at 24 h (1.4s)
  ✓   58 [tablet] › tests/evidence-frigate-control.spec.ts:198:3 › operator: the review detail (retain and sub-label) › a person who may change events sees one row per tracked object: retain is one tap, the sub-label saves on its button (1.4s)
  ✓   60 [tablet] › tests/evidence-frigate-control.spec.ts:232:3 › operator: the review detail (retain and sub-label) › a refused change shows the server sentence, puts the switch back and keeps the controls (1.1s)
  ✓   61 [tablet] › tests/evidence-frigate-control.spec.ts:242:3 › operator: the review detail (retain and sub-label) › nothing is drawn without the permission or while the events class is off (and no event is read without the permission) (1.0s)
  ✓   62 [tablet] › tests/evidence-frigate-control.spec.ts:251:3 › operator: the review detail (retain and sub-label) › without analytics.events the review detail never asks about events (1.3s)
  ✓   63 [tablet] › tests/evidence-plan-package.spec.ts:78:3 › fixture: the import dialog › dry run shown, mode switch, import with the previewed revision and hash (1.5s)
  ✓   64 [tablet] › tests/evidence-plan-package.spec.ts:107:3 › fixture: the import dialog › another system: import waits for the trust box; a refusal is shown (1.6s)
  ✓   59 [tablet] › tests/evidence-frigate-review.spec.ts:216:1 › states: loading, empty, offline with the last data, error with retry, no permission, and no Frigate recorder (the event windows) (9.0s)
  ✓   65 [tablet] › tests/evidence-plan-package.spec.ts:136:3 › fixture: the import dialog › English strings follow the document language (1.3s)
  -   67 [tablet] › tests/evidence-plan-package.spec.ts:198:3 › live: export and re-import from the editor › DXF and package from the export row; the package brings the draft back
  ✓   66 [tablet] › tests/evidence-frigate-review.spec.ts:258:1 › demo mode (no backend): fixture cards labelled as demo, the timeline of a tracked object, the recording opens through the existing screen where the item allows (1.2s)
  ✓   68 [tablet] › tests/evidence-second-factor.spec.ts:76:1 › own factor: off by default, enrol with a QR code and a first code, then disable with a current code (1.8s)
  ✓   69 [tablet] › tests/evidence-frigate-review.spec.ts:280:1 › the screen is RTL, the still is never mirrored, and the page does not scroll sideways (1.1s)
  -   71 [tablet] › tests/evidence-frigate-review.spec.ts:288:1 › layout guard: the review screen in four skins, light and dark
  ✓   70 [tablet] › tests/evidence-second-factor.spec.ts:127:1 › the QR code is a real symbol: square, a valid QR version, many modules (1.4s)
  ✓   72 [tablet] › tests/unit-second-factor-admin-ui.spec.ts:77:1 › user drawer: the reset button asks first, cancel keeps the factor, confirm resets it for that user only (1.4s)
  ✓   74 [tablet] › tests/unit-second-factor-admin-ui.spec.ts:113:1 › user drawer: a failed reset shows the error and keeps the factor on screen (1.3s)
  ✓   73 [mobile] › tests/evidence-announcements.spec.ts:59:3 › settings: voice announcements › off by default; setup is saved at once; only ticked speakers can be tested (1.4s)
  ✓   76 [mobile] › tests/evidence-announcements.spec.ts:80:3 › settings: voice announcements › announce now: a room and a text, sent once; the button needs a text (1.2s)
  ✓   75 [tablet] › tests/unit-second-factor-admin-ui.spec.ts:125:1 › remote-access settings: the policy select offers optional and admins, shows the stored value and saves it (2.2s)
  ✓   77 [mobile] › tests/evidence-announcements.spec.ts:95:3 › settings: voice announcements › English strings when the document language is English; without system.configure there is no screen (2.2s)
  ✓   78 [mobile] › tests/evidence-frigate-control.spec.ts:32:3 › operator: the camera drawer › a camera of the Frigate recorder shows its switches; an analytics switch is one tap and nothing else (1.3s)
  ✓   79 [mobile] › tests/evidence-frigate-review.spec.ts:35:1 › cards: one per review item with layer, camera, time, objects, zones and the reviewed state; the layer counts and the new dots; partial coverage is said (1.2s)
  ✓   80 [mobile] › tests/evidence-frigate-control.spec.ts:54:3 › operator: the camera drawer › turning recording off asks first: cancelling sends nothing and puts the switch back; confirming sends confirm: true (1.3s)
  ✓   82 [mobile] › tests/evidence-frigate-control.spec.ts:75:3 › operator: the camera drawer › a refused change shows the server's own sentence and the switch goes back (1.1s)
  ✓   81 [mobile] › tests/evidence-frigate-review.spec.ts:62:1 › filters become the query; layers switch; the status filter shows the reviewed ones; the object filter narrows the page (1.8s)
  ✓   83 [mobile] › tests/evidence-frigate-control.spec.ts:86:3 › operator: the camera drawer › the profile is a select; a change asks for a confirmation and sends confirm: true (1.2s)
  ✓   84 [mobile] › tests/evidence-frigate-review.spec.ts:94:1 › paging: the server returns a page, "טען עוד" continues from where it stopped and adds only new cards (1.3s)
  ✓   86 [mobile] › tests/evidence-frigate-review.spec.ts:103:1 › reviewed: one card, the bulk bar, "mark all shown" and un-marking - at once, saved per user and recorder (1.5s)
  ✓   87 [mobile] › tests/evidence-frigate-review.spec.ts:131:1 › a mark the server refuses is put back and says so (1.2s)
  ✓   85 [mobile] › tests/evidence-frigate-control.spec.ts:98:3 › operator: the camera drawer › without the permission, with the class off, or on a camera of another recorder, nothing is drawn (3.1s)
  ✓   88 [mobile] › tests/evidence-frigate-review.spec.ts:138:1 › keys: J/K and arrows move, space selects, R reviews, Ctrl+A selects all, Enter opens, Esc closes and clears; a dropdown's typeahead is never a shortcut (1.3s)
  ✓   89 [mobile] › tests/evidence-frigate-control.spec.ts:112:3 › operator: the camera drawer › only the analytics permission: the recording group and the profile are not drawn (1.2s)
  ✓   91 [mobile] › tests/evidence-frigate-control.spec.ts:131:3 › settings: management of the writes › every class is listed, off until switched on; switching one on sends exactly that class; PTZ is not offered (1.3s)
  ✓   90 [mobile] › tests/evidence-frigate-review.spec.ts:168:1 › drawer: the facts the server has (span, detections), the recording action unavailable until the anchors are proven, the drawer can mark reviewed (1.3s)
  ✓   92 [mobile] › tests/evidence-frigate-control.spec.ts:149:3 › settings: management of the writes › a refused class change is reported and the switch goes back (1.3s)
  ✓   93 [mobile] › tests/evidence-frigate-review.spec.ts:189:1 › motion layer: spans from the activity, not items - no reviewed state, no marking, counted when shown, capped at 24 h (1.4s)
  ✓   94 [mobile] › tests/evidence-frigate-control.spec.ts:158:3 › settings: management of the writes › the alarm mapping stores a profile per state (a mapping only) and the log undoes a change, asking first for recording and profile (1.4s)
  ✓   96 [mobile] › tests/evidence-frigate-control.spec.ts:198:3 › operator: the review detail (retain and sub-label) › a person who may change events sees one row per tracked object: retain is one tap, the sub-label saves on its button (1.1s)
  ✓   97 [mobile] › tests/evidence-frigate-control.spec.ts:232:3 › operator: the review detail (retain and sub-label) › a refused change shows the server sentence, puts the switch back and keeps the controls (1.2s)
  ✓   98 [mobile] › tests/evidence-frigate-control.spec.ts:242:3 › operator: the review detail (retain and sub-label) › nothing is drawn without the permission or while the events class is off (and no event is read without the permission) (1.2s)
  ✓   99 [mobile] › tests/evidence-frigate-control.spec.ts:251:3 › operator: the review detail (retain and sub-label) › without analytics.events the review detail never asks about events (1.2s)
  ✓  100 [mobile] › tests/evidence-plan-package.spec.ts:78:3 › fixture: the import dialog › dry run shown, mode switch, import with the previewed revision and hash (1.4s)
  ✓   95 [mobile] › tests/evidence-frigate-review.spec.ts:216:1 › states: loading, empty, offline with the last data, error with retry, no permission, and no Frigate recorder (the event windows) (8.7s)
  ✓  101 [mobile] › tests/evidence-plan-package.spec.ts:107:3 › fixture: the import dialog › another system: import waits for the trust box; a refusal is shown (1.5s)
  ✓  102 [mobile] › tests/evidence-frigate-review.spec.ts:258:1 › demo mode (no backend): fixture cards labelled as demo, the timeline of a tracked object, the recording opens through the existing screen where the item allows (1.1s)
  ✓  103 [mobile] › tests/evidence-plan-package.spec.ts:136:3 › fixture: the import dialog › English strings follow the document language (1.1s)
  -  105 [mobile] › tests/evidence-plan-package.spec.ts:198:3 › live: export and re-import from the editor › DXF and package from the export row; the package brings the draft back
  ✓  104 [mobile] › tests/evidence-frigate-review.spec.ts:280:1 › the screen is RTL, the still is never mirrored, and the page does not scroll sideways (1.1s)
  ✓  106 [mobile] › tests/evidence-second-factor.spec.ts:76:1 › own factor: off by default, enrol with a QR code and a first code, then disable with a current code (1.9s)
  ✓  108 [mobile] › tests/evidence-second-factor.spec.ts:127:1 › the QR code is a real symbol: square, a valid QR version, many modules (1.3s)
  ✓  109 [mobile] › tests/unit-second-factor-admin-ui.spec.ts:77:1 › user drawer: the reset button asks first, cancel keeps the factor, confirm resets it for that user only (1.4s)
  ✓  110 [mobile] › tests/unit-second-factor-admin-ui.spec.ts:113:1 › user drawer: a failed reset shows the error and keeps the factor on screen (1.2s)
  ✓  111 [mobile] › tests/unit-second-factor-admin-ui.spec.ts:125:1 › remote-access settings: the policy select offers optional and admins, shows the stored value and saves it (2.0s)
  ✓  107 [mobile] › tests/evidence-frigate-review.spec.ts:288:1 › layout guard: the review screen in four skins, light and dark (9.1s)

  4 skipped
  107 passed (1.6m)
רץ על שרת הריצה (אובונטו) כי בררת מחדל, שרת הריצה (אובונטו) פנוי (עומס 0.6, זיכרון פנוי 14.4GB)
